[www.dealercontrolledleasing.com/index.html]
[backblue.gif]
[fade.gif]
[index.html]
[www.dealercontrolledleasing.com/apple-touch-icon.png]
[www.dealercontrolledleasing.com/favicon-32x32.png]
[www.dealercontrolledleasing.com/favicon-16x16.png]
[www.dealercontrolledleasing.com/site.webmanifest]
[cdn.jsdelivr.net/npm/bootstrap@5.0.2/dist/css/bootstrap.min.css]
[www.dealercontrolledleasing.com/css/materialdesignicons.min.css]
[www.dealercontrolledleasing.com/css/pe-icon-7.css]
[www.dealercontrolledleasing.com/css/swiper-bundle.min.css]
[www.dealercontrolledleasing.com/css/style.min.css]
[www.dealercontrolledleasing.com/javascript/a5.js]
[www.dealercontrolledleasing.com/javascript/a5_url.js]
[www.dealercontrolledleasing.com/js/toastr/toastr.css]
[www.dealercontrolledleasing.com/images/logo-dark.png]
[www.dealercontrolledleasing.com/images/dcl_logo_lg.png]
[www.dealercontrolledleasing.com/images/features/DCL-most-successful.png]
[www.dealercontrolledleasing.com/images/features/features-bg.png]
[www.dealercontrolledleasing.com/images/features/DCL-Technology.png]
[www.dealercontrolledleasing.com/images/features/DCL-credit-education-2.png]
[www.dealercontrolledleasing.com/images/features/DCL-new-source-income.png]
[www.dealercontrolledleasing.com/images/features/DCL-training.png]
[www.dealercontrolledleasing.com/images/team/paul_sansone_jr.jpg]
[www.dealercontrolledleasing.com/images/team/rick_reeves.jpg]
[www.dealercontrolledleasing.com/images/team/eddie_hight.jpg]
[www.dealercontrolledleasing.com/images/team/MS.png]
[www.dealercontrolledleasing.com/images/team/joe_tonzola.jpg]
[www.dealercontrolledleasing.com/images/team/female-user-profile-picture.png]
[www.dealercontrolledleasing.com/images/team/male-user-profile-picture.png]
[www.dealercontrolledleasing.com/js/swiper-bundle.min.js]
[www.dealercontrolledleasing.com/js/contact.js]
[www.dealercontrolledleasing.com/js/app.js]
[ajax.googleapis.com/ajax/libs/jquery/1.9.1/jquery.min.js]
[www.dealercontrolledleasing.com/js/toastr/toastr.min.js]
[www.dealercontrolledleasing.com/index.html]
[www.dealercontrolledleasing.com/safari-pinned-tab.svg]
[cdn.jsdelivr.net/npm/bootstrap@5.0.2/dist/css/bootstrap.min.css]
[cdn.jsdelivr.net/npm/bootstrap@5.0.2/dist/js/bootstrap.bundle.min.js]
[www.dealercontrolledleasing.com/fonts/materialdesignicons-webfont3e71.eot]
[www.dealercontrolledleasing.com/fonts/materialdesignicons-webfontd41d.eot]
[www.dealercontrolledleasing.com/fonts/materialdesignicons-webfont3e71.woff2]
[www.dealercontrolledleasing.com/fonts/materialdesignicons-webfont3e71.woff]
[www.dealercontrolledleasing.com/fonts/materialdesignicons-webfont3e71.ttf]
[www.dealercontrolledleasing.com/css/materialdesignicons.min.css]
[www.dealercontrolledleasing.com/fonts/Pe-icon-7-strokebb1d.eot]
[www.dealercontrolledleasing.com/fonts/Pe-icon-7-stroked41d.eot]
[www.dealercontrolledleasing.com/fonts/Pe-icon-7-strokebb1d.woff]
[www.dealercontrolledleasing.com/fonts/Pe-icon-7-strokebb1d.ttf]
[www.dealercontrolledleasing.com/css/pe-icon-7.css]
[www.dealercontrolledleasing.com/css/swiper-bundle.min.css]
[www.dealercontrolledleasing.com/images/home/home2-bg.png]
[www.dealercontrolledleasing.com/images/home/home3-bg.png]
[www.dealercontrolledleasing.com/images/home/home4-bg.png]
[www.dealercontrolledleasing.com/images/home/home-6.jpg]
[www.dealercontrolledleasing.com/css/style.min.css]
[www.dealercontrolledleasing.com/js/toastr/toastr.css]
[www.dealercontrolledleasing.com/OptOut.html]
[www.dealercontrolledleasing.com/fonts/Pe-icon-7-strokebb1d.svg]
